[1.6s] discovery done {"shopify":true,"products":44,"method":"products.json"}
[3.5s] goto https://ettetete.com/
[3.7s] goto https://ettetete.com/
[16.0s] shot home-hero-d
[16.3s] shot home-hero-m
[23.0s] shot home-midpage-m
[24.6s] m home done
[24.8s] d home done
[24.8s] goto https://ettetete.com/collections/montessori-furniture
[25.7s] shot home-menu-m
[25.7s] goto https://ettetete.com/collections/montessori-furniture
[28.3s] shot collection-top-d
[29.1s] shot collection-top-m
[29.4s] shot collection-grid-d
[29.4s] d collection done
[29.4s] goto https://ettetete.com/products/tulla-dual-height-kids-table-outlet
[30.3s] shot collection-grid-m
[30.3s] m collection done
[30.3s] goto https://ettetete.com/products/tulla-dual-height-kids-table-outlet
[34.3s] shot product-top-d
[34.5s] shot product-top-m
[37.1s] shot product-scrolled-m
[37.4s] shot product-scrolled-d
[39.6s] shot product-reviews-d
[40.3s] shot product-reviews-m
[40.6s] d product done
[40.6s] d pass done
[40.8s] desktop child exit
[41.1s] m product done
[41.1s] m pass done
[41.2s] mobile child exit
