[1.9s] goto https://selvaro.de/
[6.4s] shot home-hero-m
[13.2s] shot home-midpage-m
[14.6s] m home done
[15.7s] shot home-menu-m
[15.7s] goto https://selvaro.de/collections/all
[18.9s] shot collection-top-m
[20.0s] shot collection-grid-m
[20.0s] m collection done
[20.0s] goto https://selvaro.de/products/lernturm-klappbar
[24.7s] shot product-top-m
[27.8s] shot product-scrolled-m
[31.4s] shot product-crosssell-m
[31.4s] m product done
[31.4s] goto https://selvaro.de/cart/add?id=65622087270749&quantity=1
[33.8s] goto https://selvaro.de/cart
[34.8s] TIMEOUT stepScroll
[36.3s] TIMEOUT evaluate
[36.3s] TIMEOUT evaluate
[36.3s] TIMEOUT evaluate
[36.3s] TIMEOUT evaluate
[36.3s] TIMEOUT evaluate
[36.4s] TIMEOUT evaluate
[36.8s] shot cart-page-m
[37.7s] shot cart-bottom-m
[37.7s] goto https://selvaro.de/
[42.1s] shot cart-drawer-home-m
[42.1s] m pass done
[42.3s] TIMEOUT evaluate
[42.3s] TIMEOUT evaluate
[42.3s] TIMEOUT evaluate
[42.4s] mobile child exit
